---
source: stellar-core/src/lang/parse.rs
expression: parse(token_stream)
snapshot_kind: text
---
Ok(
    [
        Play {
            expression: Identifier(
                Identifier {
                    name: Spur(1),
                    span: Span {
                        start: Location {
                            line: 1,
                            column: 5,
                            index: 5,
                        },
                        end: Location {
                            line: 1,
                            column: 7,
                            index: 7,
                        },
                    },
                },
            ),
        },
        Wait {
            expression: Integer {
                value: 1,
                span: Span {
                    start: Location {
                        line: 1,
                        column: 13,
                        index: 13,
                    },
                    end: Location {
                        line: 1,
                        column: 14,
                        index: 14,
                    },
                },
            },
        },
    ],
)
