---
source: stellar-core/src/syntax/parse.rs
expression: parse(token_stream)
snapshot_kind: text
---
Ok(
    [],
)
