---
source: stellar-core/src/syntax/scan.rs
expression: "scan(\"wait time\")"
snapshot_kind: text
---
Ok(
    TokenStream(
        [
            Keyword {
                keyword: Wait,
                span: Span {
                    start: Location {
                        line: 1,
                        column: 0,
                        index: 0,
                    },
                    end: Location {
                        line: 1,
                        column: 4,
                        index: 4,
                    },
                },
            },
            Identifier(
                Identifier {
                    name: StringId("time"),
                    span: Span {
                        start: Location {
                            line: 1,
                            column: 5,
                            index: 5,
                        },
                        end: Location {
                            line: 1,
                            column: 9,
                            index: 9,
                        },
                    },
                },
            ),
            EndOfFile {
                location: Location {
                    line: 1,
                    column: 9,
                    index: 9,
                },
            },
        ],
    ),
)
